../Middlewares/Third_Party/LoRaWAN/LmHandler/LmHandler.c:334:24:LmHandlerInit	16	static
../Middlewares/Third_Party/LoRaWAN/LmHandler/LmHandler.c:370:24:LmHandlerDeInit	8	static
../Middlewares/Third_Party/LoRaWAN/LmHandler/LmHandler.c:385:24:LmHandlerConfigure	72	static
../Middlewares/Third_Party/LoRaWAN/LmHandler/LmHandler.c:529:6:LmHandlerIsBusy	8	static
../Middlewares/Third_Party/LoRaWAN/LmHandler/LmHandler.c:557:6:LmHandlerProcess	16	static
../Middlewares/Third_Party/LoRaWAN/LmHandler/LmHandler.c:593:13:LmHandlerGetDutyCycleWaitTime	4	static
../Middlewares/Third_Party/LoRaWAN/LmHandler/LmHandler.c:598:6:LmHandlerJoin	80	static
../Middlewares/Third_Party/LoRaWAN/LmHandler/LmHandler.c:678:23:LmHandlerJoinStatus	56	static
../Middlewares/Third_Party/LoRaWAN/LmHandler/LmHandler.c:703:24:LmHandlerSend	48	static
../Middlewares/Third_Party/LoRaWAN/LmHandler/LmHandler.c:802:24:LmHandlerDeviceTimeReq	32	static
../Middlewares/Third_Party/LoRaWAN/LmHandler/LmHandler.c:844:24:LmHandlerPingSlotReq	16	static
../Middlewares/Third_Party/LoRaWAN/LmHandler/LmHandler.c:876:24:LmHandlerRequestClass	64	static
../Middlewares/Third_Party/LoRaWAN/LmHandler/LmHandler.c:973:24:LmHandlerGetCurrentClass	56	static
../Middlewares/Third_Party/LoRaWAN/LmHandler/LmHandler.c:991:24:LmHandlerGetTxDatarate	56	static
../Middlewares/Third_Party/LoRaWAN/LmHandler/LmHandler.c:1010:24:LmHandlerGetActiveRegion	16	static
../Middlewares/Third_Party/LoRaWAN/LmHandler/LmHandler.c:1021:24:LmHandlerSetSystemMaxRxError	56	static
../Middlewares/Third_Party/LoRaWAN/LmHandler/LmHandler.c:1040:13:McpsConfirm	16	static
../Middlewares/Third_Party/LoRaWAN/LmHandler/LmHandler.c:1058:13:McpsIndication	32	static
../Middlewares/Third_Party/LoRaWAN/LmHandler/LmHandler.c:1118:13:MlmeConfirm	56	static
../Middlewares/Third_Party/LoRaWAN/LmHandler/LmHandler.c:1228:13:MlmeIndication	16	static
../Middlewares/Third_Party/LoRaWAN/LmHandler/LmHandler.c:1311:24:LmHandlerPackageRegister	24	static
../Middlewares/Third_Party/LoRaWAN/LmHandler/LmHandler.c:1352:13:LmHandlerPackageIsInitialized	16	static
../Middlewares/Third_Party/LoRaWAN/LmHandler/LmHandler.c:1364:13:LmHandlerPackagesNotify	24	static
../Middlewares/Third_Party/LoRaWAN/LmHandler/LmHandler.c:1419:13:LmHandlerPackageIsTxPending	16	static
../Middlewares/Third_Party/LoRaWAN/LmHandler/LmHandler.c:1438:13:LmHandlerPackagesProcess	16	static
../Middlewares/Third_Party/LoRaWAN/LmHandler/LmHandler.c:1452:13:LmHandlerOnTxFrameCtrlChanged	16	static
../Middlewares/Third_Party/LoRaWAN/LmHandler/LmHandler.c:1462:13:LmHandlerOnPingSlotPeriodicityChanged	16	static
../Middlewares/Third_Party/LoRaWAN/LmHandler/LmHandler.c:1479:24:LmHandlerGetVersion	16	static
../Middlewares/Third_Party/LoRaWAN/LmHandler/LmHandler.c:1501:24:LmHandlerStop	8	static
../Middlewares/Third_Party/LoRaWAN/LmHandler/LmHandler.c:1513:24:LmHandlerHalt	8	static
../Middlewares/Third_Party/LoRaWAN/LmHandler/LmHandler.c:1525:24:LmHandlerLinkCheckReq	32	static
../Middlewares/Third_Party/LoRaWAN/LmHandler/LmHandler.c:1544:24:LmHandlerGetDevEUI	56	static
../Middlewares/Third_Party/LoRaWAN/LmHandler/LmHandler.c:1561:24:LmHandlerSetDevEUI	56	static
../Middlewares/Third_Party/LoRaWAN/LmHandler/LmHandler.c:1583:24:LmHandlerGetAppEUI	56	static
../Middlewares/Third_Party/LoRaWAN/LmHandler/LmHandler.c:1601:24:LmHandlerSetAppEUI	56	static
../Middlewares/Third_Party/LoRaWAN/LmHandler/LmHandler.c:1623:24:LmHandlerGetNetworkID	56	static
../Middlewares/Third_Party/LoRaWAN/LmHandler/LmHandler.c:1641:24:LmHandlerSetNetworkID	56	static
../Middlewares/Third_Party/LoRaWAN/LmHandler/LmHandler.c:1663:24:LmHandlerGetDevAddr	56	static
../Middlewares/Third_Party/LoRaWAN/LmHandler/LmHandler.c:1681:24:LmHandlerSetDevAddr	56	static
../Middlewares/Third_Party/LoRaWAN/LmHandler/LmHandler.c:1703:24:LmHandlerSetActiveRegion	16	static
../Middlewares/Third_Party/LoRaWAN/LmHandler/LmHandler.c:1718:24:LmHandlerGetAdrEnable	16	static
../Middlewares/Third_Party/LoRaWAN/LmHandler/LmHandler.c:1729:24:LmHandlerSetAdrEnable	56	static
../Middlewares/Third_Party/LoRaWAN/LmHandler/LmHandler.c:1743:24:LmHandlerSetTxDatarate	56	static
../Middlewares/Third_Party/LoRaWAN/LmHandler/LmHandler.c:1763:24:LmHandlerGetDutyCycleEnable	16	static
../Middlewares/Third_Party/LoRaWAN/LmHandler/LmHandler.c:1774:24:LmHandlerSetDutyCycleEnable	16	static
../Middlewares/Third_Party/LoRaWAN/LmHandler/LmHandler.c:1782:24:LmHandlerGetRX2Params	56	static
../Middlewares/Third_Party/LoRaWAN/LmHandler/LmHandler.c:1802:24:LmHandlerGetTxPower	56	static
../Middlewares/Third_Party/LoRaWAN/LmHandler/LmHandler.c:1821:24:LmHandlerGetRx1Delay	56	static
../Middlewares/Third_Party/LoRaWAN/LmHandler/LmHandler.c:1839:24:LmHandlerGetRx2Delay	56	static
../Middlewares/Third_Party/LoRaWAN/LmHandler/LmHandler.c:1857:24:LmHandlerGetJoinRx1Delay	56	static
../Middlewares/Third_Party/LoRaWAN/LmHandler/LmHandler.c:1875:24:LmHandlerGetJoinRx2Delay	56	static
../Middlewares/Third_Party/LoRaWAN/LmHandler/LmHandler.c:1893:24:LmHandlerSetTxPower	56	static
../Middlewares/Third_Party/LoRaWAN/LmHandler/LmHandler.c:1908:24:LmHandlerSetRX2Params	56	static
../Middlewares/Third_Party/LoRaWAN/LmHandler/LmHandler.c:1923:24:LmHandlerSetRx1Delay	56	static
../Middlewares/Third_Party/LoRaWAN/LmHandler/LmHandler.c:1936:24:LmHandlerSetRx2Delay	56	static
../Middlewares/Third_Party/LoRaWAN/LmHandler/LmHandler.c:1949:24:LmHandlerSetJoinRx1Delay	56	static
../Middlewares/Third_Party/LoRaWAN/LmHandler/LmHandler.c:1962:24:LmHandlerSetJoinRx2Delay	56	static
../Middlewares/Third_Party/LoRaWAN/LmHandler/LmHandler.c:1975:24:LmHandlerGetPingPeriodicity	16	static
../Middlewares/Third_Party/LoRaWAN/LmHandler/LmHandler.c:1990:24:LmHandlerSetPingPeriodicity	16	static
../Middlewares/Third_Party/LoRaWAN/LmHandler/LmHandler.c:2009:24:LmHandlerGetBeaconState	16	static
../Middlewares/Third_Party/LoRaWAN/LmHandler/LmHandler.c:2031:24:LmHandlerGetKey	24	static
../Middlewares/Third_Party/LoRaWAN/LmHandler/LmHandler.c:2058:24:LmHandlerSetKey	56	static
../Middlewares/Third_Party/LoRaWAN/LmHandler/LmHandler.c:2088:24:LmHandlerNvmDataStore	4	static
