../Drivers/CMSIS/Include/core_cm4.h:1933:34:__NVIC_SystemReset	4	static,ignoring_inline_asm
../LoRaWAN/App/lora_app.c:350:6:LoRaWAN_Init	32	static
../LoRaWAN/App/lora_app.c:444:6:HAL_GPIO_EXTI_Callback	16	static
../LoRaWAN/App/lora_app.c:467:13:OnRxData	56	static
../LoRaWAN/App/lora_app.c:574:13:SendTxData	32	static
../LoRaWAN/App/lora_app.c:638:13:OnTxTimerEvent	16	static
../LoRaWAN/App/lora_app.c:653:13:OnTxTimerLedEvent	16	static
../LoRaWAN/App/lora_app.c:660:13:OnRxTimerLedEvent	16	static
../LoRaWAN/App/lora_app.c:667:13:OnJoinTimerLedEvent	16	static
../LoRaWAN/App/lora_app.c:676:13:OnTxData	32	static
../LoRaWAN/App/lora_app.c:707:13:OnJoinRequest	16	static
../LoRaWAN/App/lora_app.c:743:13:OnBeaconStatusChange	96	static
../LoRaWAN/App/lora_app.c:778:13:OnSysTimeUpdate	4	static
../LoRaWAN/App/lora_app.c:785:13:OnClassChange	24	static
../LoRaWAN/App/lora_app.c:792:13:OnMacProcessNotify	8	static
../LoRaWAN/App/lora_app.c:804:13:OnTxPeriodicityChanged	16	static
../LoRaWAN/App/lora_app.c:826:13:OnTxFrameCtrlChanged	16	static
../LoRaWAN/App/lora_app.c:837:13:OnPingSlotPeriodicityChanged	16	static
../LoRaWAN/App/lora_app.c:848:13:OnSystemReset	8	static
../LoRaWAN/App/lora_app.c:862:13:StopJoin	8	static
../LoRaWAN/App/lora_app.c:902:13:OnStopJoinTimerEvent	16	static
../LoRaWAN/App/lora_app.c:920:13:StoreContext	16	static
../LoRaWAN/App/lora_app.c:942:13:OnNvmDataChange	16	static
../LoRaWAN/App/lora_app.c:960:13:OnStoreContextRequest	16	static
../LoRaWAN/App/lora_app.c:975:13:OnRestoreContextRequest	16	static
