../Middlewares/Third_Party/LoRaWAN/Crypto/soft-se.c:314:13:PrintKey	152	static
../Middlewares/Third_Party/LoRaWAN/Crypto/soft-se.c:347:13:PrintIds	88	static
../Middlewares/Third_Party/LoRaWAN/Crypto/soft-se.c:368:30:GetKeyByID	24	static
../Middlewares/Third_Party/LoRaWAN/Crypto/soft-se.c:419:30:ComputeCmac	336	static
../Middlewares/Third_Party/LoRaWAN/Crypto/soft-se.c:577:23:SecureElementInit	16	static
../Middlewares/Third_Party/LoRaWAN/Crypto/soft-se.c:642:23:SecureElementInitMcuID	32	static
../Middlewares/Third_Party/LoRaWAN/Crypto/soft-se.c:681:23:SecureElementGetKeyByID	24	static
../Middlewares/Third_Party/LoRaWAN/Crypto/soft-se.c:742:23:SecureElementPrintKeys	8	static
../Middlewares/Third_Party/LoRaWAN/Crypto/soft-se.c:759:23:SecureElementPrintSessionKeys	16	static
../Middlewares/Third_Party/LoRaWAN/Crypto/soft-se.c:777:23:SecureElementDeleteDynamicKey	16	static
../Middlewares/Third_Party/LoRaWAN/Crypto/soft-se.c:849:23:SecureElementSetObjHandler	16	static
../Middlewares/Third_Party/LoRaWAN/Crypto/soft-se.c:866:23:SecureElementSetKey	40	static
../Middlewares/Third_Party/LoRaWAN/Crypto/soft-se.c:992:23:SecureElementSetID	16	static
../Middlewares/Third_Party/LoRaWAN/Crypto/soft-se.c:1068:23:SecureElementComputeAesCmac	32	static
../Middlewares/Third_Party/LoRaWAN/Crypto/soft-se.c:1080:23:SecureElementVerifyAesCmac	40	static
../Middlewares/Third_Party/LoRaWAN/Crypto/soft-se.c:1149:23:SecureElementAesEncrypt	272	static
../Middlewares/Third_Party/LoRaWAN/Crypto/soft-se.c:1238:23:SecureElementDeriveAndStoreKey	40	static
../Middlewares/Third_Party/LoRaWAN/Crypto/soft-se.c:1328:23:SecureElementProcessJoinAccept	32	static
../Middlewares/Third_Party/LoRaWAN/Crypto/soft-se.c:1427:23:SecureElementRandomNumber	16	static
../Middlewares/Third_Party/LoRaWAN/Crypto/soft-se.c:1438:23:SecureElementSetDevEui	16	static
../Middlewares/Third_Party/LoRaWAN/Crypto/soft-se.c:1463:23:SecureElementGetDevEui	16	static
../Middlewares/Third_Party/LoRaWAN/Crypto/soft-se.c:1487:23:SecureElementSetJoinEui	16	static
../Middlewares/Third_Party/LoRaWAN/Crypto/soft-se.c:1512:23:SecureElementGetJoinEui	16	static
../Middlewares/Third_Party/LoRaWAN/Crypto/soft-se.c:1536:23:SecureElementSetDevAddr	16	static
../Middlewares/Third_Party/LoRaWAN/Crypto/soft-se.c:1581:23:SecureElementGetDevAddr	16	static
