../Middlewares/Third_Party/LoRaWAN/Mac/LoRaMacCommands.c:99:13:IsSlotFree	24	static
../Middlewares/Third_Party/LoRaWAN/Mac/LoRaMacCommands.c:118:22:MallocNewMacCommandSlot	16	static
../Middlewares/Third_Party/LoRaWAN/Mac/LoRaMacCommands.c:141:13:FreeMacCommandSlot	16	static
../Middlewares/Third_Party/LoRaWAN/Mac/LoRaMacCommands.c:161:13:LinkedListInit	16	static
../Middlewares/Third_Party/LoRaWAN/Mac/LoRaMacCommands.c:181:13:LinkedListAdd	16	static
../Middlewares/Third_Party/LoRaWAN/Mac/LoRaMacCommands.c:216:22:LinkedListGetPrevious	24	static
../Middlewares/Third_Party/LoRaWAN/Mac/LoRaMacCommands.c:252:13:LinkedListRemove	24	static
../Middlewares/Third_Party/LoRaWAN/Mac/LoRaMacCommands.c:288:13:IsSticky	16	static
../Middlewares/Third_Party/LoRaWAN/Mac/LoRaMacCommands.c:317:13:IsConfirmationRequired	16	static
../Middlewares/Third_Party/LoRaWAN/Mac/LoRaMacCommands.c:332:24:LoRaMacCommandsInit	8	static
../Middlewares/Third_Party/LoRaWAN/Mac/LoRaMacCommands.c:342:24:LoRaMacCommandsAddCmd	32	static
../Middlewares/Third_Party/LoRaWAN/Mac/LoRaMacCommands.c:376:24:LoRaMacCommandsRemoveCmd	16	static
../Middlewares/Third_Party/LoRaWAN/Mac/LoRaMacCommands.c:400:24:LoRaMacCommandsGetCmd	24	static
../Middlewares/Third_Party/LoRaWAN/Mac/LoRaMacCommands.c:424:24:LoRaMacCommandsRemoveNoneStickyCmds	16	static
../Middlewares/Third_Party/LoRaWAN/Mac/LoRaMacCommands.c:450:24:LoRaMacCommandsRemoveStickyAnsCmds	16	static
../Middlewares/Third_Party/LoRaWAN/Mac/LoRaMacCommands.c:473:24:LoRaMacCommandsGetSizeSerializedCmds	16	static
../Middlewares/Third_Party/LoRaWAN/Mac/LoRaMacCommands.c:483:24:LoRaMacCommandsSerializeCmds	40	static
../Middlewares/Third_Party/LoRaWAN/Mac/LoRaMacCommands.c:526:9:LoRaMacCommandsGetCmdSize	24	static
